[hex.h5.legu.cc/index.html]
[backblue.gif]
[fade.gif]
[index.html]
[hex.h5.legu.cc/weui/weui.min.css]
[hex.h5.legu.cc/icon.jpg]
[hex.h5.legu.cc/api229e.html]
[hex.h5.legu.cc/v/1451064206567/i/g/frvrlogo.png]
[hex.h5.legu.cc/love2048/indexb2d5.html]
[hex.h5.legu.cc/api15a5.html]
[hex.h5.legu.cc/pingpp.js]
[hex.h5.legu.cc/index.html]
[hex.h5.legu.cc/weui/weui.min.css]
[hex.h5.legu.cc/api229e.html]
[hex.h5.legu.cc/love2048/styles/autobox_game.min.css]
[hex.h5.legu.cc/love2048/js/zepto.min.js]
[hex.h5.legu.cc/love2048/styles/8e1258bb.main.css]
[hex.h5.legu.cc/love2048/icon.jpg]
[hex.h5.legu.cc/love2048/js/autobox_game.min0e66.js]
[hex.h5.legu.cc/love2048/images/zhadan.png]
[hex.h5.legu.cc/love2048/js/minb602.js]
[hex.h5.legu.cc/love2048/indexb2d5.html]
[hex.h5.legu.cc/v/1451064206567/index.html]
[hex.h5.legu.cc/GET.html]
[hex.h5.legu.cc/i/g/icons.html]
[hex.h5.legu.cc/i/g/menushadow.html]
[hex.h5.legu.cc/i/g/menutile3.html]
[hex.h5.legu.cc/i/g/toggle_background.html]
[hex.h5.legu.cc/i/g/toggle_outline.html]
[hex.h5.legu.cc/i/g/toggle_switch.html]
[hex.h5.legu.cc/i/g/shadow.html]
[hex.h5.legu.cc/i/g/tile.html]
[hex.h5.legu.cc/i/g/helper.html]
[hex.h5.legu.cc/i/s/pickup.html]
[hex.h5.legu.cc/i/s/place.html]
[hex.h5.legu.cc/i/s/placewrong.html]
[hex.h5.legu.cc/i/s/row1.html]
[hex.h5.legu.cc/i/s/row2.html]
[hex.h5.legu.cc/i/s/row3.html]
[hex.h5.legu.cc/i/s/row4.html]
[hex.h5.legu.cc/i/s/row5.html]
[hex.h5.legu.cc/i/s/row6.html]
[hex.h5.legu.cc/i/s/row7.html]
[hex.h5.legu.cc/i/s/row8.html]
[hex.h5.legu.cc/i/s/row9.html]
[hex.h5.legu.cc/i/s/row10.html]
[hex.h5.legu.cc/i/s/gameover.html]
[hex.h5.legu.cc/i/s/highscore.html]
[hex.h5.legu.cc/i/s/ding.html]
[hex.h5.legu.cc/i/s/click.html]
[hex.h5.legu.cc/i/s/voice_tier1_beautiful.html]
[hex.h5.legu.cc/i/s/voice_tier1_goodjob.html]
[hex.h5.legu.cc/i/s/voice_tier2_gettinggood.html]
[hex.h5.legu.cc/i/s/voice_tier2_ohyeah.html]
[hex.h5.legu.cc/i/s/voice_tier3_gorgeous.html]
[hex.h5.legu.cc/i/s/voice_tier3_terrific.html]
[hex.h5.legu.cc/i/s/voice_tier4_genius.html]
[hex.h5.legu.cc/i/s/voice_tier4_stunning.html]
[hex.h5.legu.cc/i/s/voice_tier5_fantastic.html]
[hex.h5.legu.cc/i/s/voice_tier5_flabbergasting.html]
[hex.h5.legu.cc/i/s/voice_tier6_astounding.html]
[hex.h5.legu.cc/i/s/voice_tier6_explosive.html]
[hex.h5.legu.cc/i/s/voice_tier7_incredible.html]
[hex.h5.legu.cc/i/s/voice_tier7_mindblowing.html]
[hex.h5.legu.cc/i/s/music.html]
[hex.h5.legu.cc/i/s/menu.html]
[hex.h5.legu.cc/api15a5.html]
[hex.h5.legu.cc/i/g/star.html]
[hex.h5.legu.cc/i/g/finger.html]
[hex.h5.legu.cc/i/g/frvrlogo.html]
[hex.h5.legu.cc/i/g/menutile.html]
[hex.h5.legu.cc/love2048/styles/autobox_game.min.css]
[hex.h5.legu.cc/love2048/images/bg-block.png]
[hex.h5.legu.cc/love2048/styles/8e1258bb.main.css]
[hex.h5.legu.cc/resource/image/bannnera6d6.html]
[hex.h5.legu.cc/resource/image/home-icona6d6.html]
[hex.h5.legu.cc/pingxx8752.html]
